print("Hello"
  File "<stdin>", line 1
    print("Hello"
         ^
SyntaxError: '(' was never closed
Traceback (most recent call last):
  File "<stdin>", line 1, in <module>
NameError: name 'age' is not defined
Traceback (most recent call last):
  File "<stdin>", line 1, in <module>
TypeError: can only concatenate str (not "int") to str
Traceback (most recent call last):
  File "<stdin>", line 1, in <module>
ValueError: invalid literal for int() with base 10: 'cat'
Traceback (most recent call last):
  File "<stdin>", line 1, in <module>
IndexError: list index out of range
Traceback (most recent call last):
  File "<stdin>", line 1, in <module>
NameError: name 'age' is not defined
